// Jest Snapshot v1, https://goo.gl/fbAQLP

exports[`Should render story page correctly 1`] = `
<div>
  <button
    className="button"
  >
    Add Story
  </button>
</div>
`;
