// Jest Snapshot v1, https://goo.gl/fbAQLP

exports[`Should render ExpenseDashboard page correctly 1`] = `
<div>
  <Connect(StoryList) />
</div>
`;
