// Jest Snapshot v1, https://goo.gl/fbAQLP

exports[`Should render ExpenseDashboard page correctly 1`] = `
<div>
  <Link
    replace={false}
    to="/story/create"
  >
    Stories
  </Link>
</div>
`;
