// Jest Snapshot v1, https://goo.gl/fbAQLP

exports[`Should render login page 1`] = `
<div
  className="box-layout"
>
  <div
    className="box-layout__box"
  >
    <h1
      className="box-layout__title"
    >
      Storyful
    </h1>
    <p />
    <button
      className="button"
    >
      Login with Google
    </button>
  </div>
</div>
`;
