// Jest Snapshot v1, https://goo.gl/fbAQLP

exports[`Should render Modal 1`] = `
<div>
  <p>
    Hello!
  </p>
  <button
    onClick={[Function]}
  />
</div>
`;
